Registered custom signal handler.
Called rclcpp::init.
Waiting to give an opportunity for interrupt...
Calling rclcpp::shutdown...
Called rclcpp::shutdown.
Waiting to give an opportunity for interrupt...
